root@rkcna:~# adduser saik
Adding user `saik' ...
Adding new group `saik' (1001) ...
Adding new user `saik' (1001) with group `saik' ...
Creating home directory `/home/saik' ...
Copying files from `/etc/skel' ...
New password:
Retype new password:
passwd: password updated successfully
Changing the user information for saik
Enter the new value, or press ENTER for the default
        Full Name []: sai p kumar
        Room Number []: 1244
        Work Phone []: 8688342333
        Home Phone []: 09111999
        Other []: 333
Is the information correct? [Y/n] Y
    
root@rkcna:~# cat /etc/passwd | grep saik
saik:x:1001:1001:sai p kumar,1244,8688342333,09111999,333:/home/saik:/bin/bash
    
root@rkcna:~# cat /etc/group | grep 1001
saik:x:1001:
    
root@rkcna:~# ls -ld /home/saik
drwxr-x--- 2 saik saik 4096 Oct  9 10:32 /home/saik
root@rkcna:~#
    
root@rkcna:~# id saik
uid=1001(saik) gid=1001(saik) groups=1001(saik)
root@rkcna:~#

###################################################################  if you want to assign your own user id insted of default #########################
root@rkcna:~# usermod -u 1111 saik
root@rkcna:~# id saik
    
uid=1111(saik) gid=1001(saik) groups=1001(saik)
root@rkcna:~#
    
###################################################################  Modify the user comments ################################################################### 

root@rkcna:~# cat /etc/passwd | grep saik
saik:x:1111:1001:sai p kumar,1244,8688342333,09111999,333:/home/saik:/bin/bash
root@rkcna:~# usermod -c "this is devs engineeer" saik
root@rkcna:~# grep saik /etc/passwd
saik:x:1111:1001:this is devs engineeer:/home/saik:/bin/bash
root@rkcna:~#

###################################################################  deleted saik home driectory; create a directory by root ; and modify the folder owner ############################################# 
root@rkcna:/home# ls -ltr
total 8
drwxr-x--- 18 rkyasan44 rkyasan44 4096 Oct  7 19:00 rkyasan44
drwxr-x---  3 saik      saik      4096 Oct  9 10:50 saik

root@rkcna:/home# rm -rf saik
root@rkcna:/home# mkdir saik
root@rkcna:/home# ls -ltr
total 8
drwxr-x--- 18 rkyasan44 rkyasan44 4096 Oct  7 19:00 rkyasan44
drwxr-xr-x  2 root      root      4096 Oct  9 11:57 saik

root@rkcna:/home# su - saik
saik@rkcna:~$ pwd
/home/saik
saik@rkcna:~$ touch 1
touch: cannot touch '1': Permission denied

saik@rkcna:~$ chown saik /home/saik
chown: changing ownership of '/home/saik': Operation not permitted
saik@rkcna:~$ su root
Password:

root@rkcna:/home/saik#  chown saik /home/saik
root@rkcna:/home/saik# pwd
/home/saik
root@rkcna:/home/saik# ls -ltr
total 0
root@rkcna:/home/saik# touch 1
root@rkcna:/home/saik# ls -ltr
total 0
-rw-r--r-- 1 root root 0 Oct  9 11:59 1

##############################################################################create a user with all custom flags ##############################################################

root@rkcna:~# useradd -u 1112 -c "devops" -s /usr/sbin/nologin ram1
root@rkcna:~# grep ram1 /etc/passwd
ram1:x:1112:1113:devops:/home/ram1:/usr/sbin/nologin
root@rkcna:~#

#################################################################################################################################################################################

#create a system id with uid under 1000
[root@rhel-server ~]# adduser -u 100 httpd
#adduser warning: httpd's uid 100 outside of the UID_MIN 1000 and UID_MAX 60000 range.

#deactive user
[root@rhel-server ~]# usermod -s /sbin/nologin joshk
[root@rhel-server ~]# su joshk
This account is currently not available.
[root@rhel-server ~]#

#how to check user login history and user creation details?
[root@rhel-server ~]# journalctl -x | grep ramk1
Oct 19 09:45:09 rhel-server.lab.example.com useradd[2818]: new group: name=ramk1, GID=1004
Oct 19 09:45:09 rhel-server.lab.example.com useradd[2818]: new user: name=ramk1, UID=1002, GID=1004, home=/home/ramk1, shell=/bin/bash, from=/dev/pts/1
Oct 19 09:45:24 rhel-server.lab.example.com passwd[2825]: pam_unix(passwd:chauthtok): password changed for ramk1
Oct 19 09:45:28 rhel-server.lab.example.com su[2830]: (to ramk1) root on pts/1
Oct 19 09:45:28 rhel-server.lab.example.com su[2830]: pam_unix(su:session): session opened for user ramk1(uid=1002) by rkyasan44(uid=0)
Oct 19 09:45:36 rhel-server.lab.example.com su[2830]: pam_unix(su:session): session closed for user ramk1

#how to check list of shells inside system?
[root@rhel-server ~]# chsh -l
/bin/sh
/bin/bash
/usr/bin/sh
/usr/bin/bash
[root@rhel-server ~]#

#create a user with 1711 uid, name as - ram1, it should be deactivated mode, the role as sre-eng
adduser -u 1711 -c sre-eng -s /sbin/nologin ram1

#how to add password to standard user?
[root@rhel-server ~]# grep ram1 /etc/shadow
ram1:!!:19649:0:99999:7:::
[root@rhel-server ~]# passwd ram1
Changing password for user ram1.
New password:
Retype new password:
passwd: all authentication tokens updated successfully.
[root@rhel-server ~]# grep ram1 /etc/shadow
ram1:$6$sbTe4VkHgWMV7EYr$4U0KoWOVEdSgxo5KFX9w6PMaLQf5lBKUMcoJ3BEiOXz3Rnbf377nn5.Q9PJ0ZEMmtN6ca3DfeWGi77KYodCz21:19649:0:99999:7:::
[root@rhel-server ~]#

[root@rhel-server ~]# passwd --stdin ram1
Changing password for user ram1.
ram1
passwd: all authentication tokens updated successfully.
[root@rhel-server ~]# echo "ram123" | passwd --stdin ram1
Changing password for user ram1.
passwd: all authentication tokens updated successfully.
[root@rhel-server ~]#


#how to add password to standard user?
[root@rhel-server ~]# grep ram1 /etc/shadow
ram1:!!:19649:0:99999:7:::
[root@rhel-server ~]# passwd ram1
Changing password for user ram1.
New password:
Retype new password:
passwd: all authentication tokens updated successfully.
[root@rhel-server ~]# grep ram1 /etc/shadow
ram1:$6$sbTe4VkHgWMV7EYr$4U0KoWOVEdSgxo5KFX9w6PMaLQf5lBKUMcoJ3BEiOXz3Rnbf377nn5.Q9PJ0ZEMmtN6ca3DfeWGi77KYodCz21:19649:0:99999:7:::
[root@rhel-server ~]#

[root@rhel-server ~]# passwd --stdin ram1
Changing password for user ram1.
ram1
passwd: all authentication tokens updated successfully.
[root@rhel-server ~]# echo "ram123" | passwd --stdin ram1
Changing password for user ram1.
passwd: all authentication tokens updated successfully.
[root@rhel-server ~]#


#how to see user account age policy?
[root@rhel-server ~]# cat /etc/shadow | grep ram
ramk1:$6$Bz1aaZWiah.UM93C$wzBM9hQD45voRophw/wahVDxQE4xdt5QQpLkVMuQlbyc63CqwlQntjB7Z4CXe1iv.lRjFImKoPfUAAQwNUFT/.:19649:0:99999:7:::
ram:!!:19649:0:99999:7:::
ram1:$6$ndQ7KZ5oaC9ZpOL0$u4VdpC6dD/Zu.MCgK94JvH9eslTAmGqgOn9PNYx7CeXLyz8AMQXxu4P6DFH9U6qafKoe9.p207myOwmPfBDdO0:19649:0:99999:7:::
ram2:!!:19649:0:99999:7:::
[root@rhel-server ~]# chage -l ram1
Last password change                                    : Oct 19, 2023
Password expires                                        : never
Password inactive                                       : never
Account expires                                         : never
Minimum number of days between password change          : 0
Maximum number of days between password change          : 99999
Number of days of warning before password expires       : 7
[root@rhel-server ~]# chage -l ram2
Last password change                                    : Oct 19, 2023
Password expires                                        : never
Password inactive                                       : never
Account expires                                         : never
Minimum number of days between password change          : 0
Maximum number of days between password change          : 99999
Number of days of warning before password expires       : 7
[root@rhel-server ~]# chage -l ramk1
Last password change                                    : Oct 19, 2023
Password expires                                        : never
Password inactive                                       : never
Account expires                                         : never
Minimum number of days between password change          : 0
Maximum number of days between password change          : 99999
Number of days of warning before password expires       : 7
[root@rhel-server ~]#


#expire the password from now to two days?
[root@rhel-server ~]# chage -l ramk1
Last password change                                    : Oct 19, 2023
Password expires                                        : never
Password inactive                                       : never
Account expires                                         : never
Minimum number of days between password change          : 0
Maximum number of days between password change          : 99999
Number of days of warning before password expires       : 2
[root@rhel-server ~]# chage -M 2 ramk1
^[[A[root@rhel-server ~]# chage -l ramk1
Last password change                                    : Oct 19, 2023
Password expires                                        : Oct 21, 2023
Password inactive                                       : never
Account expires                                         : never
Minimum number of days between password change          : 0
Maximum number of days between password change          : 2
Number of days of warning before password expires       : 2



#expire the account on specific day?
[root@rhel-server ~]# chage -E 27Oct2023 ramk1
[root@rhel-server ~]# chage -l ramk1
Last password change                                    : Oct 19, 2023
Password expires                                        : Oct 21, 2023
Password inactive                                       : Oct 31, 2023
Account expires                                         : Oct 27, 2023
Minimum number of days between password change          : 0
Maximum number of days between password change          : 2
Number of days of warning before password expires       : 2
[root@rhel-server ~]#

#Modify expiry of account policy in single go

[root@rhel-server ~]# chage -l ram123
Last password change                                    : Oct 19, 2023
Password expires                                        : never
Password inactive                                       : never
Account expires                                         : never
Minimum number of days between password change          : 0
Maximum number of days between password change          : 99999
Number of days of warning before password expires       : 7
[root@rhel-server ~]# chage -W 20 -m 15 -M 50 -E 31dec2023 ram123
[root@rhel-server ~]# chage -l ram123
Last password change                                    : Oct 19, 2023
Password expires                                        : Dec 08, 2023
Password inactive                                       : never
Account expires                                         : Dec 31, 2023
Minimum number of days between password change          : 15
Maximum number of days between password change          : 50
Number of days of warning before password expires       : 20
[root@rhel-server ~]#

# customize the login default props for all users in the system (i have modified the /etc/login.defs file)

[root@rhel-server ~]# useradd ram456
[root@rhel-server ~]# chage -l ram456
Last password change                                    : Oct 19, 2023
Password expires                                        : never
Password inactive                                       : never
Account expires                                         : never
Minimum number of days between password change          : 0
Maximum number of days between password change          : 99999
Number of days of warning before password expires       : 7
[root@rhel-server ~]# vi /etc/login.defs
[root@rhel-server ~]# chage -l ram456
Last password change                                    : Oct 19, 2023
Password expires                                        : never
Password inactive                                       : never
Account expires                                         : never
Minimum number of days between password change          : 0
Maximum number of days between password change          : 99999
Number of days of warning before password expires       : 7
[root@rhel-server ~]# useradd ram789
[root@rhel-server ~]# chage -l ram789
Last password change                                    : Oct 19, 2023
Password expires                                        : Jan 27, 2024
Password inactive                                       : never
Account expires                                         : never
Minimum number of days between password change          : 10
Maximum number of days between password change          : 100
Number of days of warning before password expires       : 3
[root@rhel-server ~]#
[root@rhel-server ~]# grep ram789 /etc/shadow
ram789:!!:19649:10:100:3:::
[root@rhel-server ~]# grep ram456 /etc/shadow
ram456:!!:19649:0:99999:7:::
[root@rhel-server ~]#


###################### user group ######
[root@rhel-server ~]# groupadd ckagroup
[root@rhel-server ~]# grep cka /etc/group
ckagroup:x:1716:

#change primary group of the existing user
[root@rhel-server ~]# id ram1
uid=1711(ram1) gid=1711(ram1) groups=1711(ram1)
[root@rhel-server ~]# grep cka /etc/group
ckagroup:x:1716:
[root@rhel-server ~]# usermod -g 1716 ram1
[root@rhel-server ~]# grep cka /etc/group
ckagroup:x:1716:
[root@rhel-server ~]# id ram1
uid=1711(ram1) gid=1716(ckagroup) groups=1716(ckagroup)
[root@rhel-server ~]#

#when you create file or directory, the new attached user group will be created.
[ram1@rhel-server ~]$ touch 123
[ram1@rhel-server ~]$ ls -ltr
total 0
-rw-r--r--. 1 ram1 ckagroup 0 Oct 19 10:51 123
drwxr-xr-x. 2 ram1 ckagroup 6 Oct 19 10:52 1
[ram1@rhel-server ~]$

#Add multiple groups to the user (-G option for adding secondary group names)
[root@rhel-server ~]# egrep '1717|1718|1719' /etc/group
devops:x:1717:
linadmin:x:1718:ram1
poweru:x:1719:ram1
[root@rhel-server ~]# id ram1
uid=1711(ram1) gid=1716(ckagroup) groups=1716(ckagroup)
[root@rhel-server ~]# usermod -G 1717 ram1
[root@rhel-server ~]# id ram1
uid=1711(ram1) gid=1716(ckagroup) groups=1716(ckagroup),1717(devops)
[root@rhel-server ~]# usermod -G 1718,1719 ram1  ### 
[root@rhel-server ~]# id ram1
uid=1711(ram1) gid=1716(ckagroup) groups=1716(ckagroup),1718(linadmin),1719(poweru)

#How to see number of users inside group. #it displays the users count who has these groups as secondary.
#Note in below case, 1717 is the primary group for ram1 user, but 1718, 1719 is secondary for ram123, 456, 789. that is reason you see all these user names added to the user/group entries.
[root@rhel-server ~]# egrep '1717|1718|1719' /etc/group
devops:x:1717:
linadmin:x:1718:ram1
poweru:x:1719:ram1
[root@rhel-server ~]# id ram123
uid=1713(ram123) gid=1713(ram123) groups=1713(ram123)
[root@rhel-server ~]# usermod -G 1718 ram123
[root@rhel-server ~]# usermod -G 1719 ram456
[root@rhel-server ~]# usermod -G 1719 ram789
[root@rhel-server ~]# egrep '1717|1718|1719' /etc/group
devops:x:1717:
linadmin:x:1718:ram1,ram123
poweru:x:1719:ram1,ram456,ram789
[root@rhel-server ~]#


#Delete the groups and see what happend to primary users and secondary users?

[root@rhel-server ~]# tail -1 /etc/group
poweru:x:1719:ram1,ram456,ram789

[root@rhel-server ~]# gpasswd -a ramk1 poweru
Adding user ramk1 to group poweru
[root@rhel-server ~]# gpasswd -a ram2  poweru
Adding user ram2 to group poweru

[root@rhel-server ~]#  id ram1 ram2 ramk1 ram456 ram789 ram3
uid=1711(ram1) gid=1716(ckagroup) groups=1716(ckagroup),1718(linadmin),1719(poweru)
uid=1712(ram2) gid=1712(ram2) groups=1712(ram2),1719(poweru)
uid=1002(ramk1) gid=1004(ramk1) groups=1004(ramk1),1719(poweru)
uid=1714(ram456) gid=1714(ram456) groups=1714(ram456),1719(poweru)
uid=1715(ram789) gid=1715(ram789) groups=1715(ram789),1719(poweru)
uid=1716(ram3) gid=1719(poweru) groups=1719(poweru)
[root@rhel-server ~]#

[root@rhel-server ~]# grep poweru /etc/group
poweru:x:1719:ram1,ram456,ram789,ramk1,ram2
[root@rhel-server ~]#

[root@rhel-server ~]# groupdel poweru
groupdel: cannot remove the primary group of user 'ram3'  #**********************> As the poweru is the primary group of ram3, your cannot delete.
[root@rhel-server ~]# grep poweru /etc/group
poweru:x:1719:ram1,ram456,ram789,ramk1,ram2
[root@rhel-server ~]#

[root@rhel-server ~]# usermod -g ram3 ram3  ########### Unlink the ram3 primary group of poweru
[root@rhel-server ~]# groupdel poweru  ###**** Now group deleted as all the users are secondary
[root@rhel-server ~]#  id ram1 ram2 ramk1 ram456 ram789 ram3
uid=1711(ram1) gid=1716(ckagroup) groups=1716(ckagroup),1718(linadmin)
uid=1712(ram2) gid=1712(ram2) groups=1712(ram2)
uid=1002(ramk1) gid=1004(ramk1) groups=1004(ramk1)
uid=1714(ram456) gid=1714(ram456) groups=1714(ram456)
uid=1715(ram789) gid=1715(ram789) groups=1715(ram789)
uid=1716(ram3) gid=1720(ram3) groups=1720(ram3)
[root@rhel-server ~]# grep poweru /etc/group
[root@rhel-server ~]#


#Add a user to the group & delete the user from group #seconadary approach
[root@rhel-server ~]# tail -2 /etc/group
linadmin:x:1718:ram1,ram123
ram3:x:1720:
[root@rhel-server ~]# gpasswd -a ram2 linadmin
Adding user ram2 to group linadmin
[root@rhel-server ~]# tail -2 /etc/group
linadmin:x:1718:ram1,ram123,ram2
ram3:x:1720:
[root@rhel-server ~]# gpasswd -d ram123 linadmin
Removing user ram123 from group linadmin
[root@rhel-server ~]# tail -2 /etc/group
linadmin:x:1718:ram1,ram2
ram3:x:1720:
[root@rhel-server ~]#

#how to add a group admin to a grop ??>> (ram3 added as group admin, it can appear in the gshadow file)

[root@rhel-server ~]# grep linadmin /etc/group
linadmin:x:1718:ram1,ram2
[root@rhel-server ~]# grep linadmin /etc/gshadow
linadmin:!::ram1,ram2
[root@rhel-server ~]# gpasswd -A ram3 linadmin   #*********************************
[root@rhel-server ~]# grep linadmin /etc/group
linadmin:x:1718:ram1,ram2
[root@rhel-server ~]# grep linadmin /etc/gshadow
linadmin:!:ram3:ram1,ram2
[root@rhel-server ~]#

#How to remove group admin for any group.
[root@rhel-server ~]# gpasswd -A ''  linadmin
[root@rhel-server ~]# grep linadmin /etc/gshadow
linadmin:!::ram1,ram2
[root@rhel-server ~]#
















































































