[rkyasan44@rhel2 ~]$ lsblk
NAME          MAJ:MIN RM  SIZE RO TYPE MOUNTPOINTS
sda             8:0    0  100G  0 disk
├─sda1          8:1    0    1G  0 part /boot
└─sda2          8:2    0   99G  0 part
  ├─rhel-root 253:0    0 65.1G  0 lvm  /
  ├─rhel-swap 253:1    0    2G  0 lvm  [SWAP]
  └─rhel-home 253:2    0 31.8G  0 lvm  /home
sdb             8:16   0    5G  0 disk
├─sdb1          8:17   0    1G  0 part /application-part1
├─sdb2          8:18   0    2G  0 part /application-part2
└─sdb3          8:19   0    1G  0 part [SWAP]
sdc             8:32   0    5G  0 disk
sdd             8:48   0    5G  0 disk
sde             8:64   0    5G  0 disk
sr0            11:0    1 1024M  0 rom
[rkyasan44@rhel2 ~]$ #---------------------------------> created two physical partition

[root@rhel2 ~]# lsblk
NAME          MAJ:MIN RM  SIZE RO TYPE MOUNTPOINTS
sda             8:0    0  100G  0 disk
├─sda1          8:1    0    1G  0 part /boot
└─sda2          8:2    0   99G  0 part
  ├─rhel-root 253:0    0 65.1G  0 lvm  /
  ├─rhel-swap 253:1    0    2G  0 lvm  [SWAP]
  └─rhel-home 253:2    0 31.8G  0 lvm  /home
sdb             8:16   0    5G  0 disk
├─sdb1          8:17   0    1G  0 part /application-part1
├─sdb2          8:18   0    2G  0 part /application-part2
└─sdb3          8:19   0    1G  0 part [SWAP]
sdc             8:32   0    5G  0 disk
└─sdc1          8:33   0    4G  0 part ---------------------------------> (1)
sdd             8:48   0    5G  0 disk
└─sdd1          8:49   0    4G  0 part---------------------------------> (2)
sde             8:64   0    5G  0 disk
sr0            11:0    1 1024M  0 rom



step2)=============== created physical volume to attach to volume group.

[root@rhel2 ~]# pvcreate /dev/sdc1 /dev/sdd1
  Physical volume "/dev/sdc1" successfully created.
  Physical volume "/dev/sdd1" successfully created.
[root@rhel2 ~]#
[root@rhel2 ~]# pvs
  PV         VG   Fmt  Attr PSize   PFree
  /dev/sda2  rhel lvm2 a--  <99.00g    0
  /dev/sdc1       lvm2 ---    4.00g 4.00g
  /dev/sdd1       lvm2 ---    4.00g 4.00g
[root@rhel2 ~]#

step3)=============== view more about physical volume. as of now pv not attached to any of the volume group.

[root@rhel2 ~]# pvdisplay /dev/sdc1 /dev/sdd1
  "/dev/sdc1" is a new physical volume of "4.00 GiB"
  --- NEW Physical volume ---
  PV Name               /dev/sdc1
  VG Name
  PV Size               4.00 GiB
  Allocatable           NO
  PE Size               0
  Total PE              0
  Free PE               0
  Allocated PE          0
  PV UUID               6adWYq-m5cF-ibiS-K4qM-5UFu-mg2e-zV7fwo

  "/dev/sdd1" is a new physical volume of "4.00 GiB"
  --- NEW Physical volume ---
  PV Name               /dev/sdd1
  VG Name
  PV Size               4.00 GiB
  Allocatable           NO
  PE Size               0
  Total PE              0
  Free PE               0
  Allocated PE          0
  PV UUID               B0BbgC-wXiy-G60A-vRbh-nykz-kcEw-PNvhYu

[root@rhel2 ~]#

step4)=============== Create volume group and look at details

[root@rhel2 ~]# vgcreate ram-proj-volumegroup /dev/sdc1 /dev/sdd1
  Volume group "ram-proj-volumegroup" successfully created
[root@rhel2 ~]# vgs
  VG                   #PV #LV #SN Attr   VSize   VFree
  ram-proj-volumegroup   2   0   0 wz--n-   7.99g 7.99g
  rhel                   1   3   0 wz--n- <99.00g    0
[root@rhel2 ~]# vgdisplay ram-proj-volumegroup
  --- Volume group ---
  VG Name               ram-proj-volumegroup
  System ID
  Format                lvm2
  Metadata Areas        2
  Metadata Sequence No  1
  VG Access             read/write
  VG Status             resizable
  MAX LV                0
  Cur LV                0
  Open LV               0
  Max PV                0
  Cur PV                2
  Act PV                2
  VG Size               7.99 GiB
  PE Size               4.00 MiB
  Total PE              2046
  Alloc PE / Size       0 / 0
  Free  PE / Size       2046 / 7.99 GiB
  VG UUID               iTNoJK-kzDE-yZbm-veWQ-kU19-onMq-fEyn64

[root@rhel2 ~]#


step5)=============== create logical volume on top of volume group.

[root@rhel2 ~]# lvcreate -n lv0 -L +1G /dev/ram-proj-volumegroup
  Logical volume "lv0" created.
[root@rhel2 ~]# lvcreate -n lv1 -L +1G /dev/ram-proj-volumegroup
  Logical volume "lv1" created.
[root@rhel2 ~]# lvs
  LV   VG                   Attr       LSize  Pool Origin Data%  Meta%  Move Log Cpy%Sync Convert
  lv0  ram-proj-volumegroup -wi-a-----  1.00g
  lv1  ram-proj-volumegroup -wi-a-----  1.00g
  home rhel                 -wi-ao---- 31.80g
  root rhel                 -wi-ao---- 65.14g
  swap rhel                 -wi-ao---- <2.05g
[root@rhel2 ~]# lvdisplay
  --- Logical volume ---
  LV Path                /dev/ram-proj-volumegroup/lv0
  LV Name                lv0
  VG Name                ram-proj-volumegroup
  LV UUID                NOAjvE-Y8EE-3i6g-GhjT-fwGi-RLyQ-f4GZui
  LV Write Access        read/write
  LV Creation host, time rhel2, 2023-11-04 22:21:48 +0530
  LV Status              available
  # open                 0
  LV Size                1.00 GiB
  Current LE             256
  Segments               1
  Allocation             inherit
  Read ahead sectors     auto
  - currently set to     256
  Block device           253:3

  --- Logical volume ---
  LV Path                /dev/ram-proj-volumegroup/lv1
  LV Name                lv1
  VG Name                ram-proj-volumegroup
  LV UUID                ockE8i-xmyc-1R1p-TzRN-ML20-0KlL-GOltYe
  LV Write Access        read/write
  LV Creation host, time rhel2, 2023-11-04 22:22:05 +0530
  LV Status              available
  # open                 0
  LV Size                1.00 GiB
  Current LE             256
  Segments               1
  Allocation             inherit
  Read ahead sectors     auto
  - currently set to     256
  Block device           253:4

  --- Logical volume ---
  LV Path                /dev/rhel/swap
  LV Name                swap
  VG Name                rhel
  LV UUID                W2LJrl-MvjD-hIT2-VZ2f-c0mA-lSLu-oMpeR1
  LV Write Access        read/write
  LV Creation host, time localhost.localdomain, 2023-11-02 07:46:29 +0530
  LV Status              available
  # open                 2
  LV Size                <2.05 GiB
  Current LE             524
  Segments               1
  Allocation             inherit
  Read ahead sectors     auto
  - currently set to     256
  Block device           253:1

  --- Logical volume ---
  LV Path                /dev/rhel/home
  LV Name                home
  VG Name                rhel
  LV UUID                xeDEW3-2plN-sMEm-p4hr-Y2V3-STId-ZgVdvv
  LV Write Access        read/write
  LV Creation host, time localhost.localdomain, 2023-11-02 07:46:30 +0530
  LV Status              available
  # open                 1
  LV Size                31.80 GiB
  Current LE             8142
  Segments               1
  Allocation             inherit
  Read ahead sectors     auto
  - currently set to     256
  Block device           253:2

  --- Logical volume ---
  LV Path                /dev/rhel/root
  LV Name                root
  VG Name                rhel
  LV UUID                U2dKOU-nP4C-lAr3-77MR-D3lj-MrYl-befTB8
  LV Write Access        read/write
  LV Creation host, time localhost.localdomain, 2023-11-02 07:46:30 +0530
  LV Status              available
  # open                 1
  LV Size                65.14 GiB
  Current LE             16677
  Segments               1
  Allocation             inherit
  Read ahead sectors     auto
  - currently set to     256
  Block device           253:0

[root@rhel2 ~]#

step6)=============== now if you see 2GB used in volume group. 2GB used / 8GB 
[root@rhel2 ~]# vgs
  VG                   #PV #LV #SN Attr   VSize   VFree
  ram-proj-volumegroup   2   2   0 wz--n-   7.99g 5.99g
  rhel                   1   3   0 wz--n- <99.00g    0
[root@rhel2 ~]#

step7)================ Attach the logical volumes to mount. first it will get error if u dont format it.

[root@rhel2 ~]# mkdir /srepart
[root@rhel2 ~]# mkdir /opspart
[root@rhel2 ~]# mount /dev/ram-proj-volumegroup/lv0 /srepart
mount: /srepart: wrong fs type, bad option, bad superblock on /dev/mapper/ram--proj--volumegroup-lv0, missing codepage or helper program, or other error.
[root@rhel2 ~]#
[root@rhel2 ~]# mkfs.xfs /dev/ram-proj-volumegroup/lv0
meta-data=/dev/ram-proj-volumegroup/lv0 isize=512    agcount=4, agsize=65536 blks
         =                       sectsz=512   attr=2, projid32bit=1
         =                       crc=1        finobt=1, sparse=1, rmapbt=0
         =                       reflink=1    bigtime=1 inobtcount=1
data     =                       bsize=4096   blocks=262144, imaxpct=25
         =                       sunit=0      swidth=0 blks
naming   =version 2              bsize=4096   ascii-ci=0, ftype=1
log      =internal log           bsize=4096   blocks=2560, version=2
         =                       sectsz=512   sunit=0 blks, lazy-count=1
realtime =none                   extsz=4096   blocks=0, rtextents=0

[root@rhel2 ~]# mkfs.ext4 /dev/ram-proj-volumegroup/lv1
mke2fs 1.46.5 (30-Dec-2021)
Creating filesystem with 262144 4k blocks and 65536 inodes
Filesystem UUID: 0326ab54-1923-4e87-bbbc-d8506ec715a2
Superblock backups stored on blocks:
        32768, 98304, 163840, 229376

Allocating group tables: done
Writing inode tables: done
Creating journal (8192 blocks): done
Writing superblocks and filesystem accounting information: done


[root@rhel2 ~]# mount /dev/ram-proj-volumegroup/lv0 /srepart
[root@rhel2 ~]# mount /dev/ram-proj-volumegroup/lv1 /opspart/
[root@rhel2 ~]# lsblk
NAME                           MAJ:MIN RM  SIZE RO TYPE MOUNTPOINTS
sda                              8:0    0  100G  0 disk
├─sda1                           8:1    0    1G  0 part /boot
└─sda2                           8:2    0   99G  0 part
  ├─rhel-root                  253:0    0 65.1G  0 lvm  /
  ├─rhel-swap                  253:1    0    2G  0 lvm  [SWAP]
  └─rhel-home                  253:2    0 31.8G  0 lvm  /home
sdb                              8:16   0    5G  0 disk
├─sdb1                           8:17   0    1G  0 part /application-part1
├─sdb2                           8:18   0    2G  0 part /application-part2
└─sdb3                           8:19   0    1G  0 part [SWAP]
sdc                              8:32   0    5G  0 disk
└─sdc1                           8:33   0    4G  0 part
  ├─ram--proj--volumegroup-lv0 253:3    0    1G  0 lvm  /srepart
  └─ram--proj--volumegroup-lv1 253:4    0    1G  0 lvm  /opspart
sdd                              8:48   0    5G  0 disk
└─sdd1                           8:49   0    4G  0 part
sde                              8:64   0    5G  0 disk
sr0                             11:0    1 1024M  0 rom
[root@rhel2 ~]# df -h
Filesystem                              Size  Used Avail Use% Mounted on
devtmpfs                                858M     0  858M   0% /dev
tmpfs                                   888M     0  888M   0% /dev/shm
tmpfs                                   355M  5.6M  350M   2% /run
/dev/mapper/rhel-root                    66G  4.3G   61G   7% /
/dev/sda1                              1014M  262M  753M  26% /boot
/dev/sdb2                               2.0G   47M  2.0G   3% /application-part2
/dev/sdb1                              1014M   40M  975M   4% /application-part1
/dev/mapper/rhel-home                    32G  265M   32G   1% /home
tmpfs                                   178M   52K  178M   1% /run/user/42
tmpfs                                   178M   36K  178M   1% /run/user/1000
/dev/mapper/ram--proj--volumegroup-lv0 1014M   40M  975M   4% /srepart
/dev/mapper/ram--proj--volumegroup-lv1  974M   24K  907M   1% /opspart
[root@rhel2 ~]#











